#./src/main/resources/Entities.map
#Thu Nov 15 23:42:25 CET 2018
application4=903
application3=902
customer2_box1=837
application2=901
customer2_box0=836
application1=900
application0=899
endorser_record0=840
complaint5=849
complaint4=848
tutorial0=854
complaint3=847
complaint2=846
complaint1=845
complaint0=844
finder3=873
personal_record0=838
finder2=872
phase4=865
finder1=871
phase3=864
finder0=870
phase2=863
phase1=862
phase0=861
referee1=878
referee0=877
userAccount15=827
userAccount14=826
userAccount13=825
userAccount12=824
userAccount11=823
userAccount10=822
education_record0=841
professional_record0=842
section0=853
referee0_box1=831
referee0_box0=830
curriculum0=843
warranty2=857
configuration0=811
warranty1=856
warranty0=855
report2=852
report1=851
endorsement0=874
report0=850
admin0_box1=829
admin0_box0=828
customer4=882
customer3=881
customer1=880
customer0=879
sponsor=888
customer0_box1=833
customer0_box0=832
admin1=876
admin0=875
category2=860
category1=859
category0=858
message3=892
message2=891
message1=890
message0=889
miscellaneous_record0=839
handyWorker3=886
handyWorker2=885
customer1_box1=835
note5=898
handyWorker1=884
customer1_box0=834
note4=897
handyWorker0=883
note3=896
note2=895
note1=894
note0=893
socialIdentity0=812
fixUpTask3=869
sponsorship0=887
fixUpTask2=868
fixUpTask1=867
userAccount9=821
fixUpTask0=866
userAccount8=820
userAccount7=819
welcomeMessage0=810
userAccount6=818
userAccount5=817
userAccount4=816
userAccount3=815
userAccount2=814
userAccount1=813
application6=905
application5=904
